<?xml version="1.0" encoding="ISO-8859-1" ?>
<link_info>
   <banner>TI ARM Linker PC v18.1.2.LTS</banner>
   <copyright>Copyright (c) 1996-2017 Texas Instruments Incorporated</copyright>
   <link_time>0x5b9159b2</link_time>
   <link_errors>0x1</link_errors>
   <output_file>Lab1.out</output_file>
   <entry_point>
      <name>_c_int00_noinit_noargs</name>
      <address>0x215</address>
   </entry_point>
   <input_file_list>
      <input_file id="fl-2">
         <path>.\</path>
         <kind>object</kind>
         <file>Lab1_main.obj</file>
         <name>Lab1_main.obj</name>
      </input_file>
      <input_file id="fl-3">
         <path>.\</path>
         <kind>object</kind>
         <file>system_msp432p401r.obj</file>
         <name>system_msp432p401r.obj</name>
      </input_file>
      <input_file id="fl-4">
         <path>.\ccs\</path>
         <kind>object</kind>
         <file>startup_msp432p401r_ccs.obj</file>
         <name>startup_msp432p401r_ccs.obj</name>
      </input_file>
      <input_file id="fl-b">
         <kind>object</kind>
         <file>&lt;internal&gt;</file>
         <name>&lt;internal&gt;</name>
      </input_file>
      <input_file id="fl-c">
         <path>C:\ti\simplelink_msp432p4_sdk_2_20_00_12\source\ti\devices\msp432p4xx\driverlib\ccs\</path>
         <kind>archive</kind>
         <file>msp432p4xx_driverlib.lib</file>
         <name>gpio.o</name>
      </input_file>
      <input_file id="fl-d">
         <path>C:\ti\simplelink_msp432p4_sdk_2_20_00_12\source\ti\devices\msp432p4xx\driverlib\ccs\</path>
         <kind>archive</kind>
         <file>msp432p4xx_driverlib.lib</file>
         <name>interrupt.o</name>
      </input_file>
      <input_file id="fl-e">
         <path>C:\ti\simplelink_msp432p4_sdk_2_20_00_12\source\ti\devices\msp432p4xx\driverlib\ccs\</path>
         <kind>archive</kind>
         <file>msp432p4xx_driverlib.lib</file>
         <name>wdt_a.o</name>
      </input_file>
      <input_file id="fl-f">
         <path>C:\ti\simplelink_msp432p4_sdk_2_20_00_12\source\ti\devices\msp432p4xx\driverlib\ccs\</path>
         <kind>archive</kind>
         <file>msp432p4xx_driverlib.lib</file>
         <name>cpu.o</name>
      </input_file>
      <input_file id="fl-10">
         <path>C:\ti\simplelink_msp432p4_sdk_2_20_00_12\source\ti\devices\msp432p4xx\driverlib\ccs\</path>
         <kind>archive</kind>
         <file>msp432p4xx_driverlib.lib</file>
         <name>sysctl_a.o</name>
      </input_file>
      <input_file id="fl-c6">
         <path>C:\ti\ccsv8\tools\compiler\ti-cgt-arm_18.1.2.LTS\lib\</path>
         <kind>archive</kind>
         <file>rtsv7M4_T_le_v4SPD16_eabi.lib</file>
         <name>copy_zero_init.c.obj</name>
      </input_file>
      <input_file id="fl-c7">
         <path>C:\ti\ccsv8\tools\compiler\ti-cgt-arm_18.1.2.LTS\lib\</path>
         <kind>archive</kind>
         <file>rtsv7M4_T_le_v4SPD16_eabi.lib</file>
         <name>copy_decompress_none.c.obj</name>
      </input_file>
      <input_file id="fl-c8">
         <path>C:\ti\ccsv8\tools\compiler\ti-cgt-arm_18.1.2.LTS\lib\</path>
         <kind>archive</kind>
         <file>rtsv7M4_T_le_v4SPD16_eabi.lib</file>
         <name>copy_decompress_lzss.c.obj</name>
      </input_file>
      <input_file id="fl-c9">
         <path>C:\ti\ccsv8\tools\compiler\ti-cgt-arm_18.1.2.LTS\lib\</path>
         <kind>archive</kind>
         <file>rtsv7M4_T_le_v4SPD16_eabi.lib</file>
         <name>boot_cortex_m.c.obj</name>
      </input_file>
      <input_file id="fl-ca">
         <path>C:\ti\ccsv8\tools\compiler\ti-cgt-arm_18.1.2.LTS\lib\</path>
         <kind>archive</kind>
         <file>rtsv7M4_T_le_v4SPD16_eabi.lib</file>
         <name>exit.c.obj</name>
      </input_file>
      <input_file id="fl-cb">
         <path>C:\ti\ccsv8\tools\compiler\ti-cgt-arm_18.1.2.LTS\lib\</path>
         <kind>archive</kind>
         <file>rtsv7M4_T_le_v4SPD16_eabi.lib</file>
         <name>_lock.c.obj</name>
      </input_file>
      <input_file id="fl-cc">
         <path>C:\ti\ccsv8\tools\compiler\ti-cgt-arm_18.1.2.LTS\lib\</path>
         <kind>archive</kind>
         <file>rtsv7M4_T_le_v4SPD16_eabi.lib</file>
         <name>args_main.c.obj</name>
      </input_file>
      <input_file id="fl-cd">
         <path>C:\ti\ccsv8\tools\compiler\ti-cgt-arm_18.1.2.LTS\lib\</path>
         <kind>archive</kind>
         <file>rtsv7M4_T_le_v4SPD16_eabi.lib</file>
         <name>memset_t2.asm.obj</name>
      </input_file>
      <input_file id="fl-ce">
         <path>C:\ti\ccsv8\tools\compiler\ti-cgt-arm_18.1.2.LTS\lib\</path>
         <kind>archive</kind>
         <file>rtsv7M4_T_le_v4SPD16_eabi.lib</file>
         <name>memcpy_t2.asm.obj</name>
      </input_file>
      <input_file id="fl-cf">
         <path>C:\ti\ccsv8\tools\compiler\ti-cgt-arm_18.1.2.LTS\lib\</path>
         <kind>archive</kind>
         <file>rtsv7M4_T_le_v4SPD16_eabi.lib</file>
         <name>autoinit.c.obj</name>
      </input_file>
      <input_file id="fl-d0">
         <path>C:\ti\ccsv8\tools\compiler\ti-cgt-arm_18.1.2.LTS\lib\</path>
         <kind>archive</kind>
         <file>rtsv7M4_T_le_v4SPD16_eabi.lib</file>
         <name>pre_init.c.obj</name>
      </input_file>
      <input_file id="fl-d1">
         <path>C:\ti\ccsv8\tools\compiler\ti-cgt-arm_18.1.2.LTS\lib\</path>
         <kind>archive</kind>
         <file>rtsv7M4_T_le_v4SPD16_eabi.lib</file>
         <name>cpy_tbl.c.obj</name>
      </input_file>
   </input_file_list>
   <object_component_list>
      <object_component id="oc-23">
         <name>.intvecs:retain</name>
         <load_address>0x0</load_address>
         <run_address>0x0</run_address>
         <size>0xe4</size>
         <input_file_ref idref="fl-4"/>
      </object_component>
      <object_component id="oc-a8">
         <name>.text:SystemInit</name>
         <load_address>0xe4</load_address>
         <run_address>0xe4</run_address>
         <size>0x68</size>
         <input_file_ref idref="fl-3"/>
      </object_component>
      <object_component id="oc-131">
         <name>.text:GPIO_setAsInputPinWithPullUpResistor</name>
         <load_address>0x14c</load_address>
         <run_address>0x14c</run_address>
         <size>0x58</size>
         <input_file_ref idref="fl-c"/>
      </object_component>
      <object_component id="oc-12b">
         <name>.text:GPIO_setAsOutputPin</name>
         <load_address>0x1a4</load_address>
         <run_address>0x1a4</run_address>
         <size>0x40</size>
         <input_file_ref idref="fl-c"/>
      </object_component>
      <object_component id="oc-13f">
         <name>.text:GPIO_getInputPinValue</name>
         <load_address>0x1e4</load_address>
         <run_address>0x1e4</run_address>
         <size>0x30</size>
         <input_file_ref idref="fl-c"/>
      </object_component>
      <object_component id="oc-4c">
         <name>.text:_c_int00_noinit_noargs:_c_int00_noinit_noargs</name>
         <load_address>0x214</load_address>
         <run_address>0x214</run_address>
         <size>0x30</size>
         <input_file_ref idref="fl-c9"/>
      </object_component>
      <object_component id="oc-138">
         <name>.text:GPIO_setOutputHighOnPin</name>
         <load_address>0x244</load_address>
         <run_address>0x244</run_address>
         <size>0x28</size>
         <input_file_ref idref="fl-c"/>
      </object_component>
      <object_component id="oc-146">
         <name>.text:GPIO_setOutputLowOnPin</name>
         <load_address>0x26c</load_address>
         <run_address>0x26c</run_address>
         <size>0x28</size>
         <input_file_ref idref="fl-c"/>
      </object_component>
      <object_component id="oc-125">
         <name>.text:WDT_A_holdTimer</name>
         <load_address>0x294</load_address>
         <run_address>0x294</run_address>
         <size>0x24</size>
         <input_file_ref idref="fl-e"/>
      </object_component>
      <object_component id="oc-96">
         <name>.text:main</name>
         <load_address>0x2b8</load_address>
         <run_address>0x2b8</run_address>
         <size>0x1a</size>
         <input_file_ref idref="fl-2"/>
      </object_component>
      <object_component id="oc-c7">
         <name>.text:initialize</name>
         <load_address>0x2d2</load_address>
         <run_address>0x2d2</run_address>
         <size>0x18</size>
         <input_file_ref idref="fl-2"/>
      </object_component>
      <object_component id="oc-64">
         <name>.text:Reset_Handler</name>
         <load_address>0x2ea</load_address>
         <run_address>0x2ea</run_address>
         <size>0xc</size>
         <input_file_ref idref="fl-4"/>
      </object_component>
      <object_component id="oc-d3">
         <name>.text:SwitchStatus_LaunchpadLED1</name>
         <load_address>0x2f6</load_address>
         <run_address>0x2f6</run_address>
         <size>0x8</size>
         <input_file_ref idref="fl-2"/>
      </object_component>
      <object_component id="oc-d9">
         <name>.text:TurnOff_LaunchpadLED1</name>
         <load_address>0x2fe</load_address>
         <run_address>0x2fe</run_address>
         <size>0x8</size>
         <input_file_ref idref="fl-2"/>
      </object_component>
      <object_component id="oc-cd">
         <name>.text:TurnOn_LaunchpadLED1</name>
         <load_address>0x306</load_address>
         <run_address>0x306</run_address>
         <size>0x8</size>
         <input_file_ref idref="fl-2"/>
      </object_component>
      <object_component id="oc-90">
         <name>.text:_system_pre_init</name>
         <load_address>0x30e</load_address>
         <run_address>0x30e</run_address>
         <size>0x4</size>
         <input_file_ref idref="fl-d0"/>
      </object_component>
      <object_component id="oc-e0">
         <name>.text:abort:abort</name>
         <load_address>0x312</load_address>
         <run_address>0x312</run_address>
         <size>0x4</size>
         <input_file_ref idref="fl-ca"/>
      </object_component>
      <object_component id="oc-6a">
         <name>.text:Default_Handler</name>
         <load_address>0x316</load_address>
         <run_address>0x316</run_address>
         <size>0x2</size>
         <input_file_ref idref="fl-4"/>
      </object_component>
      <object_component id="oc-184">
         <name>.const:GPIO_PORT_TO_BASE</name>
         <load_address>0x318</load_address>
         <run_address>0x318</run_address>
         <size>0x30</size>
         <input_file_ref idref="fl-c"/>
      </object_component>
      <object_component id="oc-1c8">
         <name>.binit</name>
         <load_address>0x0</load_address>
         <run_address>0x0</run_address>
         <size>0x0</size>
      </object_component>
      <object_component id="oc-26">
         <name>.stack</name>
         <uninitialized>true</uninitialized>
         <run_address>0x2000fe00</run_address>
         <size>0x4</size>
         <input_file_ref idref="fl-c9"/>
      </object_component>
      <object_component id="oc-1f4">
         <name>.stack</name>
         <uninitialized>true</uninitialized>
         <run_address>0x2000fe00</run_address>
         <size>0x0</size>
      </object_component>
      <object_component id="oc-124">
         <name>.debug_info</name>
         <load_address>0x0</load_address>
         <run_address>0x0</run_address>
         <size>0x6c4</size>
         <input_file_ref idref="fl-2"/>
      </object_component>
      <object_component id="oc-c8">
         <name>.debug_info</name>
         <load_address>0x6c4</load_address>
         <run_address>0x6c4</run_address>
         <size>0x162</size>
         <input_file_ref idref="fl-2"/>
      </object_component>
      <object_component id="oc-d4">
         <name>.debug_info</name>
         <load_address>0x826</load_address>
         <run_address>0x826</run_address>
         <size>0x142</size>
         <input_file_ref idref="fl-2"/>
      </object_component>
      <object_component id="oc-ce">
         <name>.debug_info</name>
         <load_address>0x968</load_address>
         <run_address>0x968</run_address>
         <size>0x134</size>
         <input_file_ref idref="fl-2"/>
      </object_component>
      <object_component id="oc-da">
         <name>.debug_info</name>
         <load_address>0xa9c</load_address>
         <run_address>0xa9c</run_address>
         <size>0x135</size>
         <input_file_ref idref="fl-2"/>
      </object_component>
      <object_component id="oc-97">
         <name>.debug_info</name>
         <load_address>0xbd1</load_address>
         <run_address>0xbd1</run_address>
         <size>0x162</size>
         <input_file_ref idref="fl-2"/>
      </object_component>
      <object_component id="oc-b2">
         <name>.debug_info</name>
         <load_address>0xd33</load_address>
         <run_address>0xd33</run_address>
         <size>0x26b</size>
         <input_file_ref idref="fl-2"/>
      </object_component>
      <object_component id="oc-174">
         <name>.debug_info</name>
         <load_address>0xf9e</load_address>
         <run_address>0xf9e</run_address>
         <size>0x1055</size>
         <input_file_ref idref="fl-2"/>
      </object_component>
      <object_component id="oc-16f">
         <name>.debug_info</name>
         <load_address>0x1ff3</load_address>
         <run_address>0x1ff3</run_address>
         <size>0x37e2</size>
         <input_file_ref idref="fl-2"/>
      </object_component>
      <object_component id="oc-2f">
         <name>.debug_info</name>
         <load_address>0x57d5</load_address>
         <run_address>0x57d5</run_address>
         <size>0x84</size>
         <input_file_ref idref="fl-2"/>
      </object_component>
      <object_component id="oc-11f">
         <name>.debug_info</name>
         <load_address>0x5859</load_address>
         <run_address>0x5859</run_address>
         <size>0x297</size>
         <input_file_ref idref="fl-2"/>
      </object_component>
      <object_component id="oc-17e">
         <name>.debug_info</name>
         <load_address>0x5af0</load_address>
         <run_address>0x5af0</run_address>
         <size>0xef</size>
         <input_file_ref idref="fl-2"/>
      </object_component>
      <object_component id="oc-179">
         <name>.debug_info</name>
         <load_address>0x5bdf</load_address>
         <run_address>0x5bdf</run_address>
         <size>0xbb</size>
         <input_file_ref idref="fl-2"/>
      </object_component>
      <object_component id="oc-ab">
         <name>.debug_info</name>
         <load_address>0x5c9a</load_address>
         <run_address>0x5c9a</run_address>
         <size>0x125</size>
         <input_file_ref idref="fl-3"/>
      </object_component>
      <object_component id="oc-72">
         <name>.debug_info</name>
         <load_address>0x5dbf</load_address>
         <run_address>0x5dbf</run_address>
         <size>0x2c5</size>
         <input_file_ref idref="fl-4"/>
      </object_component>
      <object_component id="oc-24">
         <name>.debug_info</name>
         <load_address>0x6084</load_address>
         <run_address>0x6084</run_address>
         <size>0xf1</size>
         <input_file_ref idref="fl-4"/>
      </object_component>
      <object_component id="oc-65">
         <name>.debug_info</name>
         <load_address>0x6175</load_address>
         <run_address>0x6175</run_address>
         <size>0x154</size>
         <input_file_ref idref="fl-4"/>
      </object_component>
      <object_component id="oc-6c">
         <name>.debug_info</name>
         <load_address>0x62c9</load_address>
         <run_address>0x62c9</run_address>
         <size>0x13c</size>
         <input_file_ref idref="fl-4"/>
      </object_component>
      <object_component id="oc-1af">
         <name>.debug_info</name>
         <load_address>0x6405</load_address>
         <run_address>0x6405</run_address>
         <size>0x6fd</size>
         <input_file_ref idref="fl-c"/>
      </object_component>
      <object_component id="oc-185">
         <name>.debug_info</name>
         <load_address>0x6b02</load_address>
         <run_address>0x6b02</run_address>
         <size>0x131</size>
         <input_file_ref idref="fl-c"/>
      </object_component>
      <object_component id="oc-12e">
         <name>.debug_info</name>
         <load_address>0x6c33</load_address>
         <run_address>0x6c33</run_address>
         <size>0x24e</size>
         <input_file_ref idref="fl-c"/>
      </object_component>
      <object_component id="oc-13b">
         <name>.debug_info</name>
         <load_address>0x6e81</load_address>
         <run_address>0x6e81</run_address>
         <size>0x256</size>
         <input_file_ref idref="fl-c"/>
      </object_component>
      <object_component id="oc-149">
         <name>.debug_info</name>
         <load_address>0x70d7</load_address>
         <run_address>0x70d7</run_address>
         <size>0x254</size>
         <input_file_ref idref="fl-c"/>
      </object_component>
      <object_component id="oc-134">
         <name>.debug_info</name>
         <load_address>0x732b</load_address>
         <run_address>0x732b</run_address>
         <size>0x270</size>
         <input_file_ref idref="fl-c"/>
      </object_component>
      <object_component id="oc-142">
         <name>.debug_info</name>
         <load_address>0x759b</load_address>
         <run_address>0x759b</run_address>
         <size>0x27a</size>
         <input_file_ref idref="fl-c"/>
      </object_component>
      <object_component id="oc-1c1">
         <name>.debug_info</name>
         <load_address>0x7815</load_address>
         <run_address>0x7815</run_address>
         <size>0x431a</size>
         <input_file_ref idref="fl-c"/>
      </object_component>
      <object_component id="oc-129">
         <name>.debug_info</name>
         <load_address>0xbb2f</load_address>
         <run_address>0xbb2f</run_address>
         <size>0x1c5</size>
         <input_file_ref idref="fl-e"/>
      </object_component>
      <object_component id="oc-27">
         <name>.debug_info</name>
         <load_address>0xbcf4</load_address>
         <run_address>0xbcf4</run_address>
         <size>0x100</size>
         <input_file_ref idref="fl-c9"/>
      </object_component>
      <object_component id="oc-4e">
         <name>.debug_info</name>
         <load_address>0xbdf4</load_address>
         <run_address>0xbdf4</run_address>
         <size>0x19d</size>
         <input_file_ref idref="fl-c9"/>
      </object_component>
      <object_component id="oc-e1">
         <name>.debug_info</name>
         <load_address>0xbf91</load_address>
         <run_address>0xbf91</run_address>
         <size>0x117</size>
         <input_file_ref idref="fl-ca"/>
      </object_component>
      <object_component id="oc-91">
         <name>.debug_info</name>
         <load_address>0xc0a8</load_address>
         <run_address>0xc0a8</run_address>
         <size>0x148</size>
         <input_file_ref idref="fl-d0"/>
      </object_component>
      <object_component id="oc-1f5">
         <name>.debug_info</name>
         <load_address>0xc1f0</load_address>
         <run_address>0xc1f0</run_address>
         <size>0x9c</size>
      </object_component>
      <object_component id="oc-16e">
         <name>.debug_line</name>
         <load_address>0x0</load_address>
         <run_address>0x0</run_address>
         <size>0xd5</size>
         <input_file_ref idref="fl-2"/>
      </object_component>
      <object_component id="oc-cc">
         <name>.debug_line</name>
         <load_address>0xd5</load_address>
         <run_address>0xd5</run_address>
         <size>0x46</size>
         <input_file_ref idref="fl-2"/>
      </object_component>
      <object_component id="oc-d8">
         <name>.debug_line</name>
         <load_address>0x11b</load_address>
         <run_address>0x11b</run_address>
         <size>0x44</size>
         <input_file_ref idref="fl-2"/>
      </object_component>
      <object_component id="oc-d2">
         <name>.debug_line</name>
         <load_address>0x15f</load_address>
         <run_address>0x15f</run_address>
         <size>0x44</size>
         <input_file_ref idref="fl-2"/>
      </object_component>
      <object_component id="oc-de">
         <name>.debug_line</name>
         <load_address>0x1a3</load_address>
         <run_address>0x1a3</run_address>
         <size>0x44</size>
         <input_file_ref idref="fl-2"/>
      </object_component>
      <object_component id="oc-9b">
         <name>.debug_line</name>
         <load_address>0x1e7</load_address>
         <run_address>0x1e7</run_address>
         <size>0x4d</size>
         <input_file_ref idref="fl-2"/>
      </object_component>
      <object_component id="oc-b5">
         <name>.debug_line</name>
         <load_address>0x234</load_address>
         <run_address>0x234</run_address>
         <size>0x69</size>
         <input_file_ref idref="fl-2"/>
      </object_component>
      <object_component id="oc-177">
         <name>.debug_line</name>
         <load_address>0x29d</load_address>
         <run_address>0x29d</run_address>
         <size>0x78</size>
         <input_file_ref idref="fl-2"/>
      </object_component>
      <object_component id="oc-172">
         <name>.debug_line</name>
         <load_address>0x315</load_address>
         <run_address>0x315</run_address>
         <size>0x7b</size>
         <input_file_ref idref="fl-2"/>
      </object_component>
      <object_component id="oc-32">
         <name>.debug_line</name>
         <load_address>0x390</load_address>
         <run_address>0x390</run_address>
         <size>0x20</size>
         <input_file_ref idref="fl-2"/>
      </object_component>
      <object_component id="oc-122">
         <name>.debug_line</name>
         <load_address>0x3b0</load_address>
         <run_address>0x3b0</run_address>
         <size>0x6d</size>
         <input_file_ref idref="fl-2"/>
      </object_component>
      <object_component id="oc-181">
         <name>.debug_line</name>
         <load_address>0x41d</load_address>
         <run_address>0x41d</run_address>
         <size>0x69</size>
         <input_file_ref idref="fl-2"/>
      </object_component>
      <object_component id="oc-17c">
         <name>.debug_line</name>
         <load_address>0x486</load_address>
         <run_address>0x486</run_address>
         <size>0x6a</size>
         <input_file_ref idref="fl-2"/>
      </object_component>
      <object_component id="oc-aa">
         <name>.debug_line</name>
         <load_address>0x4f0</load_address>
         <run_address>0x4f0</run_address>
         <size>0x64</size>
         <input_file_ref idref="fl-3"/>
      </object_component>
      <object_component id="oc-b1">
         <name>.debug_line</name>
         <load_address>0x554</load_address>
         <run_address>0x554</run_address>
         <size>0x44</size>
         <input_file_ref idref="fl-4"/>
      </object_component>
      <object_component id="oc-71">
         <name>.debug_line</name>
         <load_address>0x598</load_address>
         <run_address>0x598</run_address>
         <size>0x44</size>
         <input_file_ref idref="fl-4"/>
      </object_component>
      <object_component id="oc-69">
         <name>.debug_line</name>
         <load_address>0x5dc</load_address>
         <run_address>0x5dc</run_address>
         <size>0x59</size>
         <input_file_ref idref="fl-4"/>
      </object_component>
      <object_component id="oc-6f">
         <name>.debug_line</name>
         <load_address>0x635</load_address>
         <run_address>0x635</run_address>
         <size>0x59</size>
         <input_file_ref idref="fl-4"/>
      </object_component>
      <object_component id="oc-1c0">
         <name>.debug_line</name>
         <load_address>0x68e</load_address>
         <run_address>0x68e</run_address>
         <size>0x56</size>
         <input_file_ref idref="fl-c"/>
      </object_component>
      <object_component id="oc-1ae">
         <name>.debug_line</name>
         <load_address>0x6e4</load_address>
         <run_address>0x6e4</run_address>
         <size>0x51</size>
         <input_file_ref idref="fl-c"/>
      </object_component>
      <object_component id="oc-12d">
         <name>.debug_line</name>
         <load_address>0x735</load_address>
         <run_address>0x735</run_address>
         <size>0x6e</size>
         <input_file_ref idref="fl-c"/>
      </object_component>
      <object_component id="oc-13a">
         <name>.debug_line</name>
         <load_address>0x7a3</load_address>
         <run_address>0x7a3</run_address>
         <size>0x6c</size>
         <input_file_ref idref="fl-c"/>
      </object_component>
      <object_component id="oc-148">
         <name>.debug_line</name>
         <load_address>0x80f</load_address>
         <run_address>0x80f</run_address>
         <size>0x6c</size>
         <input_file_ref idref="fl-c"/>
      </object_component>
      <object_component id="oc-133">
         <name>.debug_line</name>
         <load_address>0x87b</load_address>
         <run_address>0x87b</run_address>
         <size>0x70</size>
         <input_file_ref idref="fl-c"/>
      </object_component>
      <object_component id="oc-141">
         <name>.debug_line</name>
         <load_address>0x8eb</load_address>
         <run_address>0x8eb</run_address>
         <size>0x73</size>
         <input_file_ref idref="fl-c"/>
      </object_component>
      <object_component id="oc-1c4">
         <name>.debug_line</name>
         <load_address>0x95e</load_address>
         <run_address>0x95e</run_address>
         <size>0x51</size>
         <input_file_ref idref="fl-c"/>
      </object_component>
      <object_component id="oc-128">
         <name>.debug_line</name>
         <load_address>0x9af</load_address>
         <run_address>0x9af</run_address>
         <size>0x6a</size>
         <input_file_ref idref="fl-e"/>
      </object_component>
      <object_component id="oc-74">
         <name>.debug_line</name>
         <load_address>0xa19</load_address>
         <run_address>0xa19</run_address>
         <size>0x33</size>
         <input_file_ref idref="fl-c9"/>
      </object_component>
      <object_component id="oc-4d">
         <name>.debug_line</name>
         <load_address>0xa4c</load_address>
         <run_address>0xa4c</run_address>
         <size>0x55</size>
         <input_file_ref idref="fl-c9"/>
      </object_component>
      <object_component id="oc-e4">
         <name>.debug_line</name>
         <load_address>0xaa1</load_address>
         <run_address>0xaa1</run_address>
         <size>0x3c</size>
         <input_file_ref idref="fl-ca"/>
      </object_component>
      <object_component id="oc-94">
         <name>.debug_line</name>
         <load_address>0xadd</load_address>
         <run_address>0xadd</run_address>
         <size>0x40</size>
         <input_file_ref idref="fl-d0"/>
      </object_component>
      <object_component id="oc-cb">
         <name>.debug_frame</name>
         <load_address>0x0</load_address>
         <run_address>0x0</run_address>
         <size>0x58</size>
         <input_file_ref idref="fl-2"/>
      </object_component>
      <object_component id="oc-d7">
         <name>.debug_frame</name>
         <load_address>0x58</load_address>
         <run_address>0x58</run_address>
         <size>0x54</size>
         <input_file_ref idref="fl-2"/>
      </object_component>
      <object_component id="oc-d1">
         <name>.debug_frame</name>
         <load_address>0xac</load_address>
         <run_address>0xac</run_address>
         <size>0x54</size>
         <input_file_ref idref="fl-2"/>
      </object_component>
      <object_component id="oc-dd">
         <name>.debug_frame</name>
         <load_address>0x100</load_address>
         <run_address>0x100</run_address>
         <size>0x54</size>
         <input_file_ref idref="fl-2"/>
      </object_component>
      <object_component id="oc-9a">
         <name>.debug_frame</name>
         <load_address>0x154</load_address>
         <run_address>0x154</run_address>
         <size>0x58</size>
         <input_file_ref idref="fl-2"/>
      </object_component>
      <object_component id="oc-a9">
         <name>.debug_frame</name>
         <load_address>0x1ac</load_address>
         <run_address>0x1ac</run_address>
         <size>0x5c</size>
         <input_file_ref idref="fl-3"/>
      </object_component>
      <object_component id="oc-68">
         <name>.debug_frame</name>
         <load_address>0x208</load_address>
         <run_address>0x208</run_address>
         <size>0x58</size>
         <input_file_ref idref="fl-4"/>
      </object_component>
      <object_component id="oc-6b">
         <name>.debug_frame</name>
         <load_address>0x260</load_address>
         <run_address>0x260</run_address>
         <size>0x54</size>
         <input_file_ref idref="fl-4"/>
      </object_component>
      <object_component id="oc-12c">
         <name>.debug_frame</name>
         <load_address>0x2b4</load_address>
         <run_address>0x2b4</run_address>
         <size>0x58</size>
         <input_file_ref idref="fl-c"/>
      </object_component>
      <object_component id="oc-139">
         <name>.debug_frame</name>
         <load_address>0x30c</load_address>
         <run_address>0x30c</run_address>
         <size>0x58</size>
         <input_file_ref idref="fl-c"/>
      </object_component>
      <object_component id="oc-147">
         <name>.debug_frame</name>
         <load_address>0x364</load_address>
         <run_address>0x364</run_address>
         <size>0x58</size>
         <input_file_ref idref="fl-c"/>
      </object_component>
      <object_component id="oc-132">
         <name>.debug_frame</name>
         <load_address>0x3bc</load_address>
         <run_address>0x3bc</run_address>
         <size>0x58</size>
         <input_file_ref idref="fl-c"/>
      </object_component>
      <object_component id="oc-140">
         <name>.debug_frame</name>
         <load_address>0x414</load_address>
         <run_address>0x414</run_address>
         <size>0x58</size>
         <input_file_ref idref="fl-c"/>
      </object_component>
      <object_component id="oc-127">
         <name>.debug_frame</name>
         <load_address>0x46c</load_address>
         <run_address>0x46c</run_address>
         <size>0x58</size>
         <input_file_ref idref="fl-e"/>
      </object_component>
      <object_component id="oc-51">
         <name>.debug_frame</name>
         <load_address>0x4c4</load_address>
         <run_address>0x4c4</run_address>
         <size>0x58</size>
         <input_file_ref idref="fl-c9"/>
      </object_component>
      <object_component id="oc-e5">
         <name>.debug_frame</name>
         <load_address>0x51c</load_address>
         <run_address>0x51c</run_address>
         <size>0x54</size>
         <input_file_ref idref="fl-ca"/>
      </object_component>
      <object_component id="oc-95">
         <name>.debug_frame</name>
         <load_address>0x570</load_address>
         <run_address>0x570</run_address>
         <size>0x54</size>
         <input_file_ref idref="fl-d0"/>
      </object_component>
      <object_component id="oc-16d">
         <name>.debug_abbrev</name>
         <load_address>0x0</load_address>
         <run_address>0x0</run_address>
         <size>0xd9</size>
         <input_file_ref idref="fl-2"/>
      </object_component>
      <object_component id="oc-137">
         <name>.debug_abbrev</name>
         <load_address>0xd9</load_address>
         <run_address>0xd9</run_address>
         <size>0x5e</size>
         <input_file_ref idref="fl-2"/>
      </object_component>
      <object_component id="oc-145">
         <name>.debug_abbrev</name>
         <load_address>0x137</load_address>
         <run_address>0x137</run_address>
         <size>0x57</size>
         <input_file_ref idref="fl-2"/>
      </object_component>
      <object_component id="oc-13e">
         <name>.debug_abbrev</name>
         <load_address>0x18e</load_address>
         <run_address>0x18e</run_address>
         <size>0x55</size>
         <input_file_ref idref="fl-2"/>
      </object_component>
      <object_component id="oc-14c">
         <name>.debug_abbrev</name>
         <load_address>0x1e3</load_address>
         <run_address>0x1e3</run_address>
         <size>0x55</size>
         <input_file_ref idref="fl-2"/>
      </object_component>
      <object_component id="oc-df">
         <name>.debug_abbrev</name>
         <load_address>0x238</load_address>
         <run_address>0x238</run_address>
         <size>0x54</size>
         <input_file_ref idref="fl-2"/>
      </object_component>
      <object_component id="oc-b4">
         <name>.debug_abbrev</name>
         <load_address>0x28c</load_address>
         <run_address>0x28c</run_address>
         <size>0x69</size>
         <input_file_ref idref="fl-2"/>
      </object_component>
      <object_component id="oc-176">
         <name>.debug_abbrev</name>
         <load_address>0x2f5</load_address>
         <run_address>0x2f5</run_address>
         <size>0x97</size>
         <input_file_ref idref="fl-2"/>
      </object_component>
      <object_component id="oc-171">
         <name>.debug_abbrev</name>
         <load_address>0x38c</load_address>
         <run_address>0x38c</run_address>
         <size>0xbd</size>
         <input_file_ref idref="fl-2"/>
      </object_component>
      <object_component id="oc-31">
         <name>.debug_abbrev</name>
         <load_address>0x449</load_address>
         <run_address>0x449</run_address>
         <size>0x1f</size>
         <input_file_ref idref="fl-2"/>
      </object_component>
      <object_component id="oc-121">
         <name>.debug_abbrev</name>
         <load_address>0x468</load_address>
         <run_address>0x468</run_address>
         <size>0x5c</size>
         <input_file_ref idref="fl-2"/>
      </object_component>
      <object_component id="oc-180">
         <name>.debug_abbrev</name>
         <load_address>0x4c4</load_address>
         <run_address>0x4c4</run_address>
         <size>0x24</size>
         <input_file_ref idref="fl-2"/>
      </object_component>
      <object_component id="oc-17b">
         <name>.debug_abbrev</name>
         <load_address>0x4e8</load_address>
         <run_address>0x4e8</run_address>
         <size>0x24</size>
         <input_file_ref idref="fl-2"/>
      </object_component>
      <object_component id="oc-11e">
         <name>.debug_abbrev</name>
         <load_address>0x50c</load_address>
         <run_address>0x50c</run_address>
         <size>0x50</size>
         <input_file_ref idref="fl-3"/>
      </object_component>
      <object_component id="oc-b0">
         <name>.debug_abbrev</name>
         <load_address>0x55c</load_address>
         <run_address>0x55c</run_address>
         <size>0x7c</size>
         <input_file_ref idref="fl-4"/>
      </object_component>
      <object_component id="oc-70">
         <name>.debug_abbrev</name>
         <load_address>0x5d8</load_address>
         <run_address>0x5d8</run_address>
         <size>0x29</size>
         <input_file_ref idref="fl-4"/>
      </object_component>
      <object_component id="oc-ae">
         <name>.debug_abbrev</name>
         <load_address>0x601</load_address>
         <run_address>0x601</run_address>
         <size>0x5e</size>
         <input_file_ref idref="fl-4"/>
      </object_component>
      <object_component id="oc-af">
         <name>.debug_abbrev</name>
         <load_address>0x65f</load_address>
         <run_address>0x65f</run_address>
         <size>0x42</size>
         <input_file_ref idref="fl-4"/>
      </object_component>
      <object_component id="oc-1bf">
         <name>.debug_abbrev</name>
         <load_address>0x6a1</load_address>
         <run_address>0x6a1</run_address>
         <size>0xbb</size>
         <input_file_ref idref="fl-c"/>
      </object_component>
      <object_component id="oc-1ad">
         <name>.debug_abbrev</name>
         <load_address>0x75c</load_address>
         <run_address>0x75c</run_address>
         <size>0x27</size>
         <input_file_ref idref="fl-c"/>
      </object_component>
      <object_component id="oc-187">
         <name>.debug_abbrev</name>
         <load_address>0x783</load_address>
         <run_address>0x783</run_address>
         <size>0x6c</size>
         <input_file_ref idref="fl-c"/>
      </object_component>
      <object_component id="oc-189">
         <name>.debug_abbrev</name>
         <load_address>0x7ef</load_address>
         <run_address>0x7ef</run_address>
         <size>0x6c</size>
         <input_file_ref idref="fl-c"/>
      </object_component>
      <object_component id="oc-18b">
         <name>.debug_abbrev</name>
         <load_address>0x85b</load_address>
         <run_address>0x85b</run_address>
         <size>0x6c</size>
         <input_file_ref idref="fl-c"/>
      </object_component>
      <object_component id="oc-188">
         <name>.debug_abbrev</name>
         <load_address>0x8c7</load_address>
         <run_address>0x8c7</run_address>
         <size>0x6c</size>
         <input_file_ref idref="fl-c"/>
      </object_component>
      <object_component id="oc-18a">
         <name>.debug_abbrev</name>
         <load_address>0x933</load_address>
         <run_address>0x933</run_address>
         <size>0x6e</size>
         <input_file_ref idref="fl-c"/>
      </object_component>
      <object_component id="oc-1c3">
         <name>.debug_abbrev</name>
         <load_address>0x9a1</load_address>
         <run_address>0x9a1</run_address>
         <size>0xbd</size>
         <input_file_ref idref="fl-c"/>
      </object_component>
      <object_component id="oc-183">
         <name>.debug_abbrev</name>
         <load_address>0xa5e</load_address>
         <run_address>0xa5e</run_address>
         <size>0x5e</size>
         <input_file_ref idref="fl-e"/>
      </object_component>
      <object_component id="oc-73">
         <name>.debug_abbrev</name>
         <load_address>0xabc</load_address>
         <run_address>0xabc</run_address>
         <size>0x29</size>
         <input_file_ref idref="fl-c9"/>
      </object_component>
      <object_component id="oc-9d">
         <name>.debug_abbrev</name>
         <load_address>0xae5</load_address>
         <run_address>0xae5</run_address>
         <size>0x61</size>
         <input_file_ref idref="fl-c9"/>
      </object_component>
      <object_component id="oc-14d">
         <name>.debug_abbrev</name>
         <load_address>0xb46</load_address>
         <run_address>0xb46</run_address>
         <size>0x45</size>
         <input_file_ref idref="fl-ca"/>
      </object_component>
      <object_component id="oc-c6">
         <name>.debug_abbrev</name>
         <load_address>0xb8b</load_address>
         <run_address>0xb8b</run_address>
         <size>0x55</size>
         <input_file_ref idref="fl-d0"/>
      </object_component>
      <object_component id="oc-1f6">
         <name>.debug_abbrev</name>
         <load_address>0xbe0</load_address>
         <run_address>0xbe0</run_address>
         <size>0xf</size>
      </object_component>
      <object_component id="oc-b6">
         <name>.debug_str</name>
         <load_address>0x0</load_address>
         <run_address>0x0</run_address>
         <size>0x2a4</size>
         <input_file_ref idref="fl-2"/>
      </object_component>
      <object_component id="oc-178">
         <name>.debug_str</name>
         <load_address>0x2a4</load_address>
         <run_address>0x2a4</run_address>
         <size>0x49c</size>
         <input_file_ref idref="fl-2"/>
      </object_component>
      <object_component id="oc-173">
         <name>.debug_str</name>
         <load_address>0x740</load_address>
         <run_address>0x740</run_address>
         <size>0x15e6</size>
         <input_file_ref idref="fl-2"/>
      </object_component>
      <object_component id="oc-33">
         <name>.debug_str</name>
         <load_address>0x1d26</load_address>
         <run_address>0x1d26</run_address>
         <size>0xfa</size>
         <input_file_ref idref="fl-2"/>
      </object_component>
      <object_component id="oc-123">
         <name>.debug_str</name>
         <load_address>0x1e20</load_address>
         <run_address>0x1e20</run_address>
         <size>0x333</size>
         <input_file_ref idref="fl-2"/>
      </object_component>
      <object_component id="oc-182">
         <name>.debug_str</name>
         <load_address>0x2153</load_address>
         <run_address>0x2153</run_address>
         <size>0x1af</size>
         <input_file_ref idref="fl-2"/>
      </object_component>
      <object_component id="oc-17d">
         <name>.debug_str</name>
         <load_address>0x2302</load_address>
         <run_address>0x2302</run_address>
         <size>0x13c</size>
         <input_file_ref idref="fl-2"/>
      </object_component>
      <object_component id="oc-1c5">
         <name>.debug_str</name>
         <load_address>0x243e</load_address>
         <run_address>0x243e</run_address>
         <size>0x1871</size>
         <input_file_ref idref="fl-c"/>
      </object_component>
      <object_component id="oc-c9">
         <name>.debug_aranges</name>
         <load_address>0x0</load_address>
         <run_address>0x0</run_address>
         <size>0x20</size>
         <input_file_ref idref="fl-2"/>
      </object_component>
      <object_component id="oc-d6">
         <name>.debug_aranges</name>
         <load_address>0x20</load_address>
         <run_address>0x20</run_address>
         <size>0x20</size>
         <input_file_ref idref="fl-2"/>
      </object_component>
      <object_component id="oc-d0">
         <name>.debug_aranges</name>
         <load_address>0x40</load_address>
         <run_address>0x40</run_address>
         <size>0x20</size>
         <input_file_ref idref="fl-2"/>
      </object_component>
      <object_component id="oc-db">
         <name>.debug_aranges</name>
         <load_address>0x60</load_address>
         <run_address>0x60</run_address>
         <size>0x20</size>
         <input_file_ref idref="fl-2"/>
      </object_component>
      <object_component id="oc-98">
         <name>.debug_aranges</name>
         <load_address>0x80</load_address>
         <run_address>0x80</run_address>
         <size>0x20</size>
         <input_file_ref idref="fl-2"/>
      </object_component>
      <object_component id="oc-ad">
         <name>.debug_aranges</name>
         <load_address>0xa0</load_address>
         <run_address>0xa0</run_address>
         <size>0x20</size>
         <input_file_ref idref="fl-3"/>
      </object_component>
      <object_component id="oc-67">
         <name>.debug_aranges</name>
         <load_address>0xc0</load_address>
         <run_address>0xc0</run_address>
         <size>0x20</size>
         <input_file_ref idref="fl-4"/>
      </object_component>
      <object_component id="oc-6e">
         <name>.debug_aranges</name>
         <load_address>0xe0</load_address>
         <run_address>0xe0</run_address>
         <size>0x20</size>
         <input_file_ref idref="fl-4"/>
      </object_component>
      <object_component id="oc-12f">
         <name>.debug_aranges</name>
         <load_address>0x100</load_address>
         <run_address>0x100</run_address>
         <size>0x20</size>
         <input_file_ref idref="fl-c"/>
      </object_component>
      <object_component id="oc-13c">
         <name>.debug_aranges</name>
         <load_address>0x120</load_address>
         <run_address>0x120</run_address>
         <size>0x20</size>
         <input_file_ref idref="fl-c"/>
      </object_component>
      <object_component id="oc-14a">
         <name>.debug_aranges</name>
         <load_address>0x140</load_address>
         <run_address>0x140</run_address>
         <size>0x20</size>
         <input_file_ref idref="fl-c"/>
      </object_component>
      <object_component id="oc-135">
         <name>.debug_aranges</name>
         <load_address>0x160</load_address>
         <run_address>0x160</run_address>
         <size>0x20</size>
         <input_file_ref idref="fl-c"/>
      </object_component>
      <object_component id="oc-143">
         <name>.debug_aranges</name>
         <load_address>0x180</load_address>
         <run_address>0x180</run_address>
         <size>0x20</size>
         <input_file_ref idref="fl-c"/>
      </object_component>
      <object_component id="oc-126">
         <name>.debug_aranges</name>
         <load_address>0x1a0</load_address>
         <run_address>0x1a0</run_address>
         <size>0x20</size>
         <input_file_ref idref="fl-e"/>
      </object_component>
      <object_component id="oc-50">
         <name>.debug_aranges</name>
         <load_address>0x1c0</load_address>
         <run_address>0x1c0</run_address>
         <size>0x20</size>
         <input_file_ref idref="fl-c9"/>
      </object_component>
      <object_component id="oc-e3">
         <name>.debug_aranges</name>
         <load_address>0x1e0</load_address>
         <run_address>0x1e0</run_address>
         <size>0x20</size>
         <input_file_ref idref="fl-ca"/>
      </object_component>
      <object_component id="oc-93">
         <name>.debug_aranges</name>
         <load_address>0x200</load_address>
         <run_address>0x200</run_address>
         <size>0x20</size>
         <input_file_ref idref="fl-d0"/>
      </object_component>
      <object_component id="oc-ca">
         <name>.debug_pubnames</name>
         <load_address>0x0</load_address>
         <run_address>0x0</run_address>
         <size>0x21</size>
         <input_file_ref idref="fl-2"/>
      </object_component>
      <object_component id="oc-d5">
         <name>.debug_pubnames</name>
         <load_address>0x21</load_address>
         <run_address>0x21</run_address>
         <size>0x31</size>
         <input_file_ref idref="fl-2"/>
      </object_component>
      <object_component id="oc-cf">
         <name>.debug_pubnames</name>
         <load_address>0x52</load_address>
         <run_address>0x52</run_address>
         <size>0x2b</size>
         <input_file_ref idref="fl-2"/>
      </object_component>
      <object_component id="oc-dc">
         <name>.debug_pubnames</name>
         <load_address>0x7d</load_address>
         <run_address>0x7d</run_address>
         <size>0x2c</size>
         <input_file_ref idref="fl-2"/>
      </object_component>
      <object_component id="oc-99">
         <name>.debug_pubnames</name>
         <load_address>0xa9</load_address>
         <run_address>0xa9</run_address>
         <size>0x1b</size>
         <input_file_ref idref="fl-2"/>
      </object_component>
      <object_component id="oc-ac">
         <name>.debug_pubnames</name>
         <load_address>0xc4</load_address>
         <run_address>0xc4</run_address>
         <size>0x21</size>
         <input_file_ref idref="fl-3"/>
      </object_component>
      <object_component id="oc-25">
         <name>.debug_pubnames</name>
         <load_address>0xe5</load_address>
         <run_address>0xe5</run_address>
         <size>0x27</size>
         <input_file_ref idref="fl-4"/>
      </object_component>
      <object_component id="oc-66">
         <name>.debug_pubnames</name>
         <load_address>0x10c</load_address>
         <run_address>0x10c</run_address>
         <size>0x24</size>
         <input_file_ref idref="fl-4"/>
      </object_component>
      <object_component id="oc-6d">
         <name>.debug_pubnames</name>
         <load_address>0x130</load_address>
         <run_address>0x130</run_address>
         <size>0x26</size>
         <input_file_ref idref="fl-4"/>
      </object_component>
      <object_component id="oc-186">
         <name>.debug_pubnames</name>
         <load_address>0x156</load_address>
         <run_address>0x156</run_address>
         <size>0x28</size>
         <input_file_ref idref="fl-c"/>
      </object_component>
      <object_component id="oc-130">
         <name>.debug_pubnames</name>
         <load_address>0x17e</load_address>
         <run_address>0x17e</run_address>
         <size>0x2a</size>
         <input_file_ref idref="fl-c"/>
      </object_component>
      <object_component id="oc-13d">
         <name>.debug_pubnames</name>
         <load_address>0x1a8</load_address>
         <run_address>0x1a8</run_address>
         <size>0x2e</size>
         <input_file_ref idref="fl-c"/>
      </object_component>
      <object_component id="oc-14b">
         <name>.debug_pubnames</name>
         <load_address>0x1d6</load_address>
         <run_address>0x1d6</run_address>
         <size>0x2d</size>
         <input_file_ref idref="fl-c"/>
      </object_component>
      <object_component id="oc-136">
         <name>.debug_pubnames</name>
         <load_address>0x203</load_address>
         <run_address>0x203</run_address>
         <size>0x3b</size>
         <input_file_ref idref="fl-c"/>
      </object_component>
      <object_component id="oc-144">
         <name>.debug_pubnames</name>
         <load_address>0x23e</load_address>
         <run_address>0x23e</run_address>
         <size>0x2c</size>
         <input_file_ref idref="fl-c"/>
      </object_component>
      <object_component id="oc-12a">
         <name>.debug_pubnames</name>
         <load_address>0x26a</load_address>
         <run_address>0x26a</run_address>
         <size>0x26</size>
         <input_file_ref idref="fl-e"/>
      </object_component>
      <object_component id="oc-28">
         <name>.debug_pubnames</name>
         <load_address>0x290</load_address>
         <run_address>0x290</run_address>
         <size>0x1e</size>
         <input_file_ref idref="fl-c9"/>
      </object_component>
      <object_component id="oc-4f">
         <name>.debug_pubnames</name>
         <load_address>0x2ae</load_address>
         <run_address>0x2ae</run_address>
         <size>0x2d</size>
         <input_file_ref idref="fl-c9"/>
      </object_component>
      <object_component id="oc-e2">
         <name>.debug_pubnames</name>
         <load_address>0x2db</load_address>
         <run_address>0x2db</run_address>
         <size>0x1c</size>
         <input_file_ref idref="fl-ca"/>
      </object_component>
      <object_component id="oc-92">
         <name>.debug_pubnames</name>
         <load_address>0x2f7</load_address>
         <run_address>0x2f7</run_address>
         <size>0x27</size>
         <input_file_ref idref="fl-d0"/>
      </object_component>
      <object_component id="oc-b3">
         <name>.debug_pubtypes</name>
         <load_address>0x0</load_address>
         <run_address>0x0</run_address>
         <size>0x25c</size>
         <input_file_ref idref="fl-2"/>
      </object_component>
      <object_component id="oc-175">
         <name>.debug_pubtypes</name>
         <load_address>0x25c</load_address>
         <run_address>0x25c</run_address>
         <size>0xdd</size>
         <input_file_ref idref="fl-2"/>
      </object_component>
      <object_component id="oc-170">
         <name>.debug_pubtypes</name>
         <load_address>0x339</load_address>
         <run_address>0x339</run_address>
         <size>0x2ce</size>
         <input_file_ref idref="fl-2"/>
      </object_component>
      <object_component id="oc-30">
         <name>.debug_pubtypes</name>
         <load_address>0x607</load_address>
         <run_address>0x607</run_address>
         <size>0xed</size>
         <input_file_ref idref="fl-2"/>
      </object_component>
      <object_component id="oc-120">
         <name>.debug_pubtypes</name>
         <load_address>0x6f4</load_address>
         <run_address>0x6f4</run_address>
         <size>0x325</size>
         <input_file_ref idref="fl-2"/>
      </object_component>
      <object_component id="oc-17f">
         <name>.debug_pubtypes</name>
         <load_address>0xa19</load_address>
         <run_address>0xa19</run_address>
         <size>0x12e</size>
         <input_file_ref idref="fl-2"/>
      </object_component>
      <object_component id="oc-17a">
         <name>.debug_pubtypes</name>
         <load_address>0xb47</load_address>
         <run_address>0xb47</run_address>
         <size>0xaa</size>
         <input_file_ref idref="fl-2"/>
      </object_component>
      <object_component id="oc-1c2">
         <name>.debug_pubtypes</name>
         <load_address>0xbf1</load_address>
         <run_address>0xbf1</run_address>
         <size>0x317</size>
         <input_file_ref idref="fl-c"/>
      </object_component>
   </object_component_list>
   <logical_group_list>
      <logical_group id="lg-3" display="no" color="cyan">
         <name>.intvecs</name>
         <load_address>0x0</load_address>
         <run_address>0x0</run_address>
         <size>0xe4</size>
         <contents>
            <object_component_ref idref="oc-23"/>
         </contents>
      </logical_group>
      <logical_group id="lg-4" display="no" color="cyan">
         <name>.text</name>
         <load_address>0xe4</load_address>
         <run_address>0xe4</run_address>
         <size>0x234</size>
         <contents>
            <object_component_ref idref="oc-a8"/>
            <object_component_ref idref="oc-131"/>
            <object_component_ref idref="oc-12b"/>
            <object_component_ref idref="oc-13f"/>
            <object_component_ref idref="oc-4c"/>
            <object_component_ref idref="oc-138"/>
            <object_component_ref idref="oc-146"/>
            <object_component_ref idref="oc-125"/>
            <object_component_ref idref="oc-96"/>
            <object_component_ref idref="oc-c7"/>
            <object_component_ref idref="oc-64"/>
            <object_component_ref idref="oc-d3"/>
            <object_component_ref idref="oc-d9"/>
            <object_component_ref idref="oc-cd"/>
            <object_component_ref idref="oc-90"/>
            <object_component_ref idref="oc-e0"/>
            <object_component_ref idref="oc-6a"/>
         </contents>
      </logical_group>
      <logical_group id="lg-5" display="no" color="cyan">
         <name>.const</name>
         <load_address>0x318</load_address>
         <run_address>0x318</run_address>
         <size>0x30</size>
         <contents>
            <object_component_ref idref="oc-184"/>
         </contents>
      </logical_group>
      <logical_group id="lg-6" display="no" color="cyan">
         <name>.cinit</name>
         <run_address>0x0</run_address>
         <size>0x0</size>
         <contents>
         </contents>
      </logical_group>
      <logical_group id="lg-7" display="no" color="cyan">
         <name>.pinit</name>
         <run_address>0x0</run_address>
         <size>0x0</size>
         <contents>
         </contents>
      </logical_group>
      <logical_group id="lg-8" display="no" color="cyan">
         <name>.init_array</name>
         <run_address>0x0</run_address>
         <size>0x0</size>
         <contents>
         </contents>
      </logical_group>
      <logical_group id="lg-9" display="no" color="cyan">
         <name>.binit</name>
         <load_address>0x0</load_address>
         <run_address>0x0</run_address>
         <size>0x0</size>
         <contents>
            <object_component_ref idref="oc-1c8"/>
         </contents>
      </logical_group>
      <logical_group id="lg-a" display="no" color="cyan">
         <name>.flashMailbox</name>
         <run_address>0x0</run_address>
         <size>0x0</size>
         <contents>
         </contents>
      </logical_group>
      <logical_group id="lg-b" display="no" color="cyan">
         <name>.tlvTable</name>
         <run_address>0x0</run_address>
         <size>0x0</size>
         <contents>
         </contents>
      </logical_group>
      <logical_group id="lg-c" display="no" color="cyan">
         <name>.bslArea</name>
         <run_address>0x0</run_address>
         <size>0x0</size>
         <contents>
         </contents>
      </logical_group>
      <logical_group id="lg-d" display="no" color="cyan">
         <name>.vtable</name>
         <run_address>0x0</run_address>
         <size>0x0</size>
         <contents>
         </contents>
      </logical_group>
      <logical_group id="lg-e" display="no" color="cyan">
         <name>.data</name>
         <run_address>0x0</run_address>
         <size>0x0</size>
         <contents>
         </contents>
      </logical_group>
      <logical_group id="lg-f" display="no" color="cyan">
         <name>.bss</name>
         <run_address>0x0</run_address>
         <size>0x0</size>
         <contents>
         </contents>
      </logical_group>
      <logical_group id="lg-10" display="no" color="cyan">
         <name>.sysmem</name>
         <run_address>0x0</run_address>
         <size>0x0</size>
         <contents>
         </contents>
      </logical_group>
      <logical_group id="lg-11" display="no" color="cyan">
         <name>.stack</name>
         <run_address>0x2000fe00</run_address>
         <size>0x200</size>
         <contents>
            <object_component_ref idref="oc-26"/>
            <object_component_ref idref="oc-1f4"/>
         </contents>
      </logical_group>
      <logical_group id="lg-12" display="no" color="cyan">
         <name>.TI.ramfunc</name>
         <run_address>0x0</run_address>
         <size>0x0</size>
         <contents>
         </contents>
      </logical_group>
      <logical_group id="lg-1c6" display="no" color="cyan">
         <name>.TI.noinit</name>
         <run_address>0x0</run_address>
         <size>0x0</size>
         <contents>
         </contents>
      </logical_group>
      <logical_group id="lg-1c7" display="no" color="cyan">
         <name>.TI.persistent</name>
         <run_address>0x0</run_address>
         <size>0x0</size>
         <contents>
         </contents>
      </logical_group>
      <logical_group id="lg-1db" display="never" color="cyan">
         <name>.debug_info</name>
         <load_address>0x0</load_address>
         <run_address>0x0</run_address>
         <size>0xc28c</size>
         <contents>
            <object_component_ref idref="oc-124"/>
            <object_component_ref idref="oc-c8"/>
            <object_component_ref idref="oc-d4"/>
            <object_component_ref idref="oc-ce"/>
            <object_component_ref idref="oc-da"/>
            <object_component_ref idref="oc-97"/>
            <object_component_ref idref="oc-b2"/>
            <object_component_ref idref="oc-174"/>
            <object_component_ref idref="oc-16f"/>
            <object_component_ref idref="oc-2f"/>
            <object_component_ref idref="oc-11f"/>
            <object_component_ref idref="oc-17e"/>
            <object_component_ref idref="oc-179"/>
            <object_component_ref idref="oc-ab"/>
            <object_component_ref idref="oc-72"/>
            <object_component_ref idref="oc-24"/>
            <object_component_ref idref="oc-65"/>
            <object_component_ref idref="oc-6c"/>
            <object_component_ref idref="oc-1af"/>
            <object_component_ref idref="oc-185"/>
            <object_component_ref idref="oc-12e"/>
            <object_component_ref idref="oc-13b"/>
            <object_component_ref idref="oc-149"/>
            <object_component_ref idref="oc-134"/>
            <object_component_ref idref="oc-142"/>
            <object_component_ref idref="oc-1c1"/>
            <object_component_ref idref="oc-129"/>
            <object_component_ref idref="oc-27"/>
            <object_component_ref idref="oc-4e"/>
            <object_component_ref idref="oc-e1"/>
            <object_component_ref idref="oc-91"/>
            <object_component_ref idref="oc-1f5"/>
         </contents>
      </logical_group>
      <logical_group id="lg-1dd" display="never" color="cyan">
         <name>.debug_line</name>
         <load_address>0x0</load_address>
         <run_address>0x0</run_address>
         <size>0xb1d</size>
         <contents>
            <object_component_ref idref="oc-16e"/>
            <object_component_ref idref="oc-cc"/>
            <object_component_ref idref="oc-d8"/>
            <object_component_ref idref="oc-d2"/>
            <object_component_ref idref="oc-de"/>
            <object_component_ref idref="oc-9b"/>
            <object_component_ref idref="oc-b5"/>
            <object_component_ref idref="oc-177"/>
            <object_component_ref idref="oc-172"/>
            <object_component_ref idref="oc-32"/>
            <object_component_ref idref="oc-122"/>
            <object_component_ref idref="oc-181"/>
            <object_component_ref idref="oc-17c"/>
            <object_component_ref idref="oc-aa"/>
            <object_component_ref idref="oc-b1"/>
            <object_component_ref idref="oc-71"/>
            <object_component_ref idref="oc-69"/>
            <object_component_ref idref="oc-6f"/>
            <object_component_ref idref="oc-1c0"/>
            <object_component_ref idref="oc-1ae"/>
            <object_component_ref idref="oc-12d"/>
            <object_component_ref idref="oc-13a"/>
            <object_component_ref idref="oc-148"/>
            <object_component_ref idref="oc-133"/>
            <object_component_ref idref="oc-141"/>
            <object_component_ref idref="oc-1c4"/>
            <object_component_ref idref="oc-128"/>
            <object_component_ref idref="oc-74"/>
            <object_component_ref idref="oc-4d"/>
            <object_component_ref idref="oc-e4"/>
            <object_component_ref idref="oc-94"/>
         </contents>
      </logical_group>
      <logical_group id="lg-1df" display="never" color="cyan">
         <name>.debug_frame</name>
         <load_address>0x0</load_address>
         <run_address>0x0</run_address>
         <size>0x5c4</size>
         <contents>
            <object_component_ref idref="oc-cb"/>
            <object_component_ref idref="oc-d7"/>
            <object_component_ref idref="oc-d1"/>
            <object_component_ref idref="oc-dd"/>
            <object_component_ref idref="oc-9a"/>
            <object_component_ref idref="oc-a9"/>
            <object_component_ref idref="oc-68"/>
            <object_component_ref idref="oc-6b"/>
            <object_component_ref idref="oc-12c"/>
            <object_component_ref idref="oc-139"/>
            <object_component_ref idref="oc-147"/>
            <object_component_ref idref="oc-132"/>
            <object_component_ref idref="oc-140"/>
            <object_component_ref idref="oc-127"/>
            <object_component_ref idref="oc-51"/>
            <object_component_ref idref="oc-e5"/>
            <object_component_ref idref="oc-95"/>
         </contents>
      </logical_group>
      <logical_group id="lg-1e1" display="never" color="cyan">
         <name>.debug_abbrev</name>
         <load_address>0x0</load_address>
         <run_address>0x0</run_address>
         <size>0xbef</size>
         <contents>
            <object_component_ref idref="oc-16d"/>
            <object_component_ref idref="oc-137"/>
            <object_component_ref idref="oc-145"/>
            <object_component_ref idref="oc-13e"/>
            <object_component_ref idref="oc-14c"/>
            <object_component_ref idref="oc-df"/>
            <object_component_ref idref="oc-b4"/>
            <object_component_ref idref="oc-176"/>
            <object_component_ref idref="oc-171"/>
            <object_component_ref idref="oc-31"/>
            <object_component_ref idref="oc-121"/>
            <object_component_ref idref="oc-180"/>
            <object_component_ref idref="oc-17b"/>
            <object_component_ref idref="oc-11e"/>
            <object_component_ref idref="oc-b0"/>
            <object_component_ref idref="oc-70"/>
            <object_component_ref idref="oc-ae"/>
            <object_component_ref idref="oc-af"/>
            <object_component_ref idref="oc-1bf"/>
            <object_component_ref idref="oc-1ad"/>
            <object_component_ref idref="oc-187"/>
            <object_component_ref idref="oc-189"/>
            <object_component_ref idref="oc-18b"/>
            <object_component_ref idref="oc-188"/>
            <object_component_ref idref="oc-18a"/>
            <object_component_ref idref="oc-1c3"/>
            <object_component_ref idref="oc-183"/>
            <object_component_ref idref="oc-73"/>
            <object_component_ref idref="oc-9d"/>
            <object_component_ref idref="oc-14d"/>
            <object_component_ref idref="oc-c6"/>
            <object_component_ref idref="oc-1f6"/>
         </contents>
      </logical_group>
      <logical_group id="lg-1e3" display="never" color="cyan">
         <name>.debug_str</name>
         <load_address>0x0</load_address>
         <run_address>0x0</run_address>
         <size>0x3caf</size>
         <contents>
            <object_component_ref idref="oc-b6"/>
            <object_component_ref idref="oc-178"/>
            <object_component_ref idref="oc-173"/>
            <object_component_ref idref="oc-33"/>
            <object_component_ref idref="oc-123"/>
            <object_component_ref idref="oc-182"/>
            <object_component_ref idref="oc-17d"/>
            <object_component_ref idref="oc-1c5"/>
         </contents>
      </logical_group>
      <logical_group id="lg-1e5" display="never" color="cyan">
         <name>.debug_aranges</name>
         <load_address>0x0</load_address>
         <run_address>0x0</run_address>
         <size>0x220</size>
         <contents>
            <object_component_ref idref="oc-c9"/>
            <object_component_ref idref="oc-d6"/>
            <object_component_ref idref="oc-d0"/>
            <object_component_ref idref="oc-db"/>
            <object_component_ref idref="oc-98"/>
            <object_component_ref idref="oc-ad"/>
            <object_component_ref idref="oc-67"/>
            <object_component_ref idref="oc-6e"/>
            <object_component_ref idref="oc-12f"/>
            <object_component_ref idref="oc-13c"/>
            <object_component_ref idref="oc-14a"/>
            <object_component_ref idref="oc-135"/>
            <object_component_ref idref="oc-143"/>
            <object_component_ref idref="oc-126"/>
            <object_component_ref idref="oc-50"/>
            <object_component_ref idref="oc-e3"/>
            <object_component_ref idref="oc-93"/>
         </contents>
      </logical_group>
      <logical_group id="lg-1e7" display="never" color="cyan">
         <name>.debug_pubnames</name>
         <load_address>0x0</load_address>
         <run_address>0x0</run_address>
         <size>0x31e</size>
         <contents>
            <object_component_ref idref="oc-ca"/>
            <object_component_ref idref="oc-d5"/>
            <object_component_ref idref="oc-cf"/>
            <object_component_ref idref="oc-dc"/>
            <object_component_ref idref="oc-99"/>
            <object_component_ref idref="oc-ac"/>
            <object_component_ref idref="oc-25"/>
            <object_component_ref idref="oc-66"/>
            <object_component_ref idref="oc-6d"/>
            <object_component_ref idref="oc-186"/>
            <object_component_ref idref="oc-130"/>
            <object_component_ref idref="oc-13d"/>
            <object_component_ref idref="oc-14b"/>
            <object_component_ref idref="oc-136"/>
            <object_component_ref idref="oc-144"/>
            <object_component_ref idref="oc-12a"/>
            <object_component_ref idref="oc-28"/>
            <object_component_ref idref="oc-4f"/>
            <object_component_ref idref="oc-e2"/>
            <object_component_ref idref="oc-92"/>
         </contents>
      </logical_group>
      <logical_group id="lg-1e9" display="never" color="cyan">
         <name>.debug_pubtypes</name>
         <load_address>0x0</load_address>
         <run_address>0x0</run_address>
         <size>0xf08</size>
         <contents>
            <object_component_ref idref="oc-b3"/>
            <object_component_ref idref="oc-175"/>
            <object_component_ref idref="oc-170"/>
            <object_component_ref idref="oc-30"/>
            <object_component_ref idref="oc-120"/>
            <object_component_ref idref="oc-17f"/>
            <object_component_ref idref="oc-17a"/>
            <object_component_ref idref="oc-1c2"/>
         </contents>
      </logical_group>
      <load_segment id="lg-1f7" display="no" color="cyan">
         <name>SEGMENT_0</name>
         <load_address>0x0</load_address>
         <run_address>0x0</run_address>
         <size>0x348</size>
         <flags>0x5</flags>
         <contents>
            <logical_group_ref idref="lg-3"/>
            <logical_group_ref idref="lg-4"/>
            <logical_group_ref idref="lg-5"/>
         </contents>
      </load_segment>
      <load_segment id="lg-1f8" display="no" color="cyan">
         <name>SEGMENT_1</name>
         <run_address>0x2000fe00</run_address>
         <size>0x200</size>
         <flags>0x6</flags>
         <contents>
            <logical_group_ref idref="lg-11"/>
         </contents>
      </load_segment>
   </logical_group_list>
   <placement_map>
      <memory_area display="yes" color="green">
         <name>MAIN</name>
         <page_id>0x0</page_id>
         <origin>0x0</origin>
         <length>0x40000</length>
         <used_space>0x348</used_space>
         <unused_space>0x3fcb8</unused_space>
         <attributes>RX</attributes>
         <usage_details>
            <allocated_space>
               <start_address>0x0</start_address>
               <size>0x0</size>
               <logical_group_ref idref="lg-9"/>
            </allocated_space>
            <allocated_space>
               <start_address>0x0</start_address>
               <size>0xe4</size>
               <logical_group_ref idref="lg-3"/>
            </allocated_space>
            <allocated_space>
               <start_address>0xe4</start_address>
               <size>0x234</size>
               <logical_group_ref idref="lg-4"/>
            </allocated_space>
            <allocated_space>
               <start_address>0x318</start_address>
               <size>0x30</size>
               <logical_group_ref idref="lg-5"/>
            </allocated_space>
            <available_space>
               <start_address>0x348</start_address>
               <size>0x3fcb8</size>
            </available_space>
         </usage_details>
      </memory_area>
      <memory_area display="yes" color="green">
         <name>INFO</name>
         <page_id>0x0</page_id>
         <origin>0x200000</origin>
         <length>0x4000</length>
         <used_space>0x0</used_space>
         <unused_space>0x4000</unused_space>
         <attributes>RX</attributes>
         <usage_details>
         </usage_details>
      </memory_area>
      <memory_area display="yes" color="green">
         <name>SRAM_CODE</name>
         <page_id>0x0</page_id>
         <origin>0x1000000</origin>
         <length>0x10000</length>
         <used_space>0x200</used_space>
         <unused_space>0xfe00</unused_space>
         <attributes>RWX</attributes>
         <usage_details>
            <available_space>
               <start_address>0x1000000</start_address>
               <size>0xfe00</size>
            </available_space>
            <allocated_space>
               <start_address>0x100fe00</start_address>
               <size>0x200</size>
               <logical_group_ref idref="lg-11"/>
            </allocated_space>
         </usage_details>
      </memory_area>
      <memory_area display="yes" color="green">
         <name>SRAM_DATA</name>
         <page_id>0x0</page_id>
         <origin>0x20000000</origin>
         <length>0x10000</length>
         <used_space>0x200</used_space>
         <unused_space>0xfe00</unused_space>
         <attributes>RW</attributes>
         <usage_details>
            <available_space>
               <start_address>0x20000000</start_address>
               <size>0xfe00</size>
            </available_space>
            <allocated_space>
               <start_address>0x2000fe00</start_address>
               <size>0x200</size>
               <logical_group_ref idref="lg-11"/>
            </allocated_space>
         </usage_details>
      </memory_area>
   </placement_map>
   <symbol_table>
      <symbol id="sm-1">
         <name>WDTCTL_SYM</name>
         <value>0x4000480c</value>
      </symbol>
      <symbol id="sm-2">
         <name>binit</name>
         <value>0xffffffff</value>
      </symbol>
      <symbol id="sm-3">
         <name>__binit__</name>
         <value>0xffffffff</value>
      </symbol>
      <symbol id="sm-4">
         <name>__STACK_SIZE</name>
         <value>0x200</value>
      </symbol>
      <symbol id="sm-5">
         <name>__STACK_END</name>
         <value>0x20010000</value>
      </symbol>
      <symbol id="sm-6">
         <name>__c_args__</name>
         <value>0xffffffff</value>
      </symbol>
      <symbol id="sm-7">
         <name>__TI_pprof_out_hndl</name>
         <value>0xffffffff</value>
      </symbol>
      <symbol id="sm-8">
         <name>__TI_prof_data_start</name>
         <value>0xffffffff</value>
      </symbol>
      <symbol id="sm-9">
         <name>__TI_prof_data_size</name>
         <value>0xffffffff</value>
      </symbol>
      <symbol id="sm-a">
         <name>__TI_static_base__</name>
         <value>0x0</value>
      </symbol>
      <symbol id="sm-76">
         <name>SwitchStatus_LaunchpadLED1</name>
         <value>0x2f7</value>
         <object_component_ref idref="oc-d3"/>
      </symbol>
      <symbol id="sm-77">
         <name>TurnOff_LaunchpadLED1</name>
         <value>0x2ff</value>
         <object_component_ref idref="oc-d9"/>
      </symbol>
      <symbol id="sm-78">
         <name>initialize</name>
         <value>0x2d3</value>
         <object_component_ref idref="oc-c7"/>
      </symbol>
      <symbol id="sm-79">
         <name>main</name>
         <value>0x2b9</value>
         <object_component_ref idref="oc-96"/>
      </symbol>
      <symbol id="sm-7a">
         <name>TurnOn_LaunchpadLED1</name>
         <value>0x307</value>
         <object_component_ref idref="oc-cd"/>
      </symbol>
      <symbol id="sm-89">
         <name>SystemInit</name>
         <value>0xe5</value>
         <object_component_ref idref="oc-a8"/>
      </symbol>
      <symbol id="sm-a5">
         <name>Reset_Handler</name>
         <value>0x2eb</value>
         <object_component_ref idref="oc-64"/>
      </symbol>
      <symbol id="sm-a6">
         <name>Default_Handler</name>
         <value>0x317</value>
         <object_component_ref idref="oc-6a"/>
      </symbol>
      <symbol id="sm-a7">
         <name>interruptVectors</name>
         <value>0x0</value>
         <object_component_ref idref="oc-23"/>
      </symbol>
      <symbol id="sm-ed">
         <name>GPIO_setOutputHighOnPin</name>
         <value>0x245</value>
         <object_component_ref idref="oc-138"/>
      </symbol>
      <symbol id="sm-ee">
         <name>GPIO_setAsInputPinWithPullUpResistor</name>
         <value>0x14d</value>
         <object_component_ref idref="oc-131"/>
      </symbol>
      <symbol id="sm-ef">
         <name>GPIO_setAsOutputPin</name>
         <value>0x1a5</value>
         <object_component_ref idref="oc-12b"/>
      </symbol>
      <symbol id="sm-f0">
         <name>GPIO_setOutputLowOnPin</name>
         <value>0x26d</value>
         <object_component_ref idref="oc-146"/>
      </symbol>
      <symbol id="sm-f1">
         <name>GPIO_getInputPinValue</name>
         <value>0x1e5</value>
         <object_component_ref idref="oc-13f"/>
      </symbol>
      <symbol id="sm-fe">
         <name>WDT_A_holdTimer</name>
         <value>0x295</value>
         <object_component_ref idref="oc-125"/>
      </symbol>
      <symbol id="sm-115">
         <name>_c_int00_noinit_noargs</name>
         <value>0x215</value>
         <object_component_ref idref="oc-4c"/>
      </symbol>
      <symbol id="sm-116">
         <name>__stack</name>
         <value>0x2000fe00</value>
         <object_component_ref idref="oc-26"/>
      </symbol>
      <symbol id="sm-121">
         <name>C$$EXIT</name>
         <value>0x313</value>
         <object_component_ref idref="oc-e0"/>
      </symbol>
      <symbol id="sm-122">
         <name>abort</name>
         <value>0x313</value>
         <object_component_ref idref="oc-e0"/>
      </symbol>
      <symbol id="sm-131">
         <name>_system_pre_init</name>
         <value>0x30f</value>
         <object_component_ref idref="oc-90"/>
      </symbol>
      <symbol id="sm-133">
         <name>__mpu_init</name>
         <value>0x0</value>
      </symbol>
      <symbol id="sm-134">
         <name>NMI_Handler</name>
         <value>0x317</value>
      </symbol>
      <symbol id="sm-135">
         <name>HardFault_Handler</name>
         <value>0x317</value>
      </symbol>
      <symbol id="sm-136">
         <name>MemManage_Handler</name>
         <value>0x317</value>
      </symbol>
      <symbol id="sm-137">
         <name>BusFault_Handler</name>
         <value>0x317</value>
      </symbol>
      <symbol id="sm-138">
         <name>UsageFault_Handler</name>
         <value>0x317</value>
      </symbol>
      <symbol id="sm-139">
         <name>SVC_Handler</name>
         <value>0x317</value>
      </symbol>
      <symbol id="sm-13a">
         <name>DebugMon_Handler</name>
         <value>0x317</value>
      </symbol>
      <symbol id="sm-13b">
         <name>PendSV_Handler</name>
         <value>0x317</value>
      </symbol>
      <symbol id="sm-13c">
         <name>SysTick_Handler</name>
         <value>0x317</value>
      </symbol>
      <symbol id="sm-13d">
         <name>PSS_IRQHandler</name>
         <value>0x317</value>
      </symbol>
      <symbol id="sm-13e">
         <name>CS_IRQHandler</name>
         <value>0x317</value>
      </symbol>
      <symbol id="sm-13f">
         <name>PCM_IRQHandler</name>
         <value>0x317</value>
      </symbol>
      <symbol id="sm-140">
         <name>WDT_A_IRQHandler</name>
         <value>0x317</value>
      </symbol>
      <symbol id="sm-141">
         <name>FPU_IRQHandler</name>
         <value>0x317</value>
      </symbol>
      <symbol id="sm-142">
         <name>FLCTL_IRQHandler</name>
         <value>0x317</value>
      </symbol>
      <symbol id="sm-143">
         <name>COMP_E0_IRQHandler</name>
         <value>0x317</value>
      </symbol>
      <symbol id="sm-144">
         <name>COMP_E1_IRQHandler</name>
         <value>0x317</value>
      </symbol>
      <symbol id="sm-145">
         <name>TA0_0_IRQHandler</name>
         <value>0x317</value>
      </symbol>
      <symbol id="sm-146">
         <name>TA0_N_IRQHandler</name>
         <value>0x317</value>
      </symbol>
      <symbol id="sm-147">
         <name>TA1_0_IRQHandler</name>
         <value>0x317</value>
      </symbol>
      <symbol id="sm-148">
         <name>TA1_N_IRQHandler</name>
         <value>0x317</value>
      </symbol>
      <symbol id="sm-149">
         <name>TA2_0_IRQHandler</name>
         <value>0x317</value>
      </symbol>
      <symbol id="sm-14a">
         <name>TA2_N_IRQHandler</name>
         <value>0x317</value>
      </symbol>
      <symbol id="sm-14b">
         <name>TA3_0_IRQHandler</name>
         <value>0x317</value>
      </symbol>
      <symbol id="sm-14c">
         <name>TA3_N_IRQHandler</name>
         <value>0x317</value>
      </symbol>
      <symbol id="sm-14d">
         <name>EUSCIA0_IRQHandler</name>
         <value>0x317</value>
      </symbol>
      <symbol id="sm-14e">
         <name>EUSCIA1_IRQHandler</name>
         <value>0x317</value>
      </symbol>
      <symbol id="sm-14f">
         <name>EUSCIA2_IRQHandler</name>
         <value>0x317</value>
      </symbol>
      <symbol id="sm-150">
         <name>EUSCIA3_IRQHandler</name>
         <value>0x317</value>
      </symbol>
      <symbol id="sm-151">
         <name>EUSCIB0_IRQHandler</name>
         <value>0x317</value>
      </symbol>
      <symbol id="sm-152">
         <name>EUSCIB1_IRQHandler</name>
         <value>0x317</value>
      </symbol>
      <symbol id="sm-153">
         <name>EUSCIB2_IRQHandler</name>
         <value>0x317</value>
      </symbol>
      <symbol id="sm-154">
         <name>EUSCIB3_IRQHandler</name>
         <value>0x317</value>
      </symbol>
      <symbol id="sm-155">
         <name>ADC14_IRQHandler</name>
         <value>0x317</value>
      </symbol>
      <symbol id="sm-156">
         <name>T32_INT1_IRQHandler</name>
         <value>0x317</value>
      </symbol>
      <symbol id="sm-157">
         <name>T32_INT2_IRQHandler</name>
         <value>0x317</value>
      </symbol>
      <symbol id="sm-158">
         <name>T32_INTC_IRQHandler</name>
         <value>0x317</value>
      </symbol>
      <symbol id="sm-159">
         <name>AES256_IRQHandler</name>
         <value>0x317</value>
      </symbol>
      <symbol id="sm-15a">
         <name>RTC_C_IRQHandler</name>
         <value>0x317</value>
      </symbol>
      <symbol id="sm-15b">
         <name>DMA_ERR_IRQHandler</name>
         <value>0x317</value>
      </symbol>
      <symbol id="sm-15c">
         <name>DMA_INT3_IRQHandler</name>
         <value>0x317</value>
      </symbol>
      <symbol id="sm-15d">
         <name>DMA_INT2_IRQHandler</name>
         <value>0x317</value>
      </symbol>
      <symbol id="sm-15e">
         <name>DMA_INT1_IRQHandler</name>
         <value>0x317</value>
      </symbol>
      <symbol id="sm-15f">
         <name>DMA_INT0_IRQHandler</name>
         <value>0x317</value>
      </symbol>
      <symbol id="sm-160">
         <name>PORT1_IRQHandler</name>
         <value>0x317</value>
      </symbol>
      <symbol id="sm-161">
         <name>PORT2_IRQHandler</name>
         <value>0x317</value>
      </symbol>
      <symbol id="sm-162">
         <name>PORT3_IRQHandler</name>
         <value>0x317</value>
      </symbol>
      <symbol id="sm-163">
         <name>PORT4_IRQHandler</name>
         <value>0x317</value>
      </symbol>
      <symbol id="sm-164">
         <name>PORT5_IRQHandler</name>
         <value>0x317</value>
      </symbol>
      <symbol id="sm-165">
         <name>PORT6_IRQHandler</name>
         <value>0x317</value>
      </symbol>
   </symbol_table>
   <title>Link errors: red sections failed placement</title>
</link_info>
