******************************************************************************
                  TI ARM Linker PC v18.1.2                     
******************************************************************************
>> Linked Thu Sep  6 12:45:38 2018

OUTPUT FILE NAME:   <Lab1.out>
ENTRY POINT SYMBOL: "_c_int00_noinit_noargs"  address: 00000215


MEMORY CONFIGURATION

         name            origin    length      used     unused   attr    fill
----------------------  --------  ---------  --------  --------  ----  --------
  MAIN                  00000000   00040000  00000348  0003fcb8  R  X
  INFO                  00200000   00004000  00000000  00004000  R  X
  SRAM_CODE             01000000   00010000  00000200  0000fe00  RW X
  SRAM_DATA             20000000   00010000  00000200  0000fe00  RW  


SEGMENT ALLOCATION MAP

run origin  load origin   length   init length attrs members
----------  ----------- ---------- ----------- ----- -------
00000000    00000000    00000348   00000348    r-x
  00000000    00000000    000000e4   000000e4    r-- .intvecs
  000000e4    000000e4    00000234   00000234    r-x .text
  00000318    00000318    00000030   00000030    r-- .const
2000fe00    2000fe00    00000200   00000000    rw-
  2000fe00    2000fe00    00000200   00000000    rw- .stack


SECTION ALLOCATION MAP

 output                                  attributes/
section   page    origin      length       input sections
--------  ----  ----------  ----------   ----------------
.intvecs   0    00000000    000000e4     
                  00000000    000000e4     startup_msp432p401r_ccs.obj (.intvecs:retain)

.text      0    000000e4    00000234     
                  000000e4    00000068     system_msp432p401r.obj (.text:SystemInit)
                  0000014c    00000058     msp432p4xx_driverlib.lib : gpio.o (.text:GPIO_setAsInputPinWithPullUpResistor)
                  000001a4    00000040                              : gpio.o (.text:GPIO_setAsOutputPin)
                  000001e4    00000030                              : gpio.o (.text:GPIO_getInputPinValue)
                  00000214    00000030     rtsv7M4_T_le_v4SPD16_eabi.lib : boot_cortex_m.c.obj (.text:_c_int00_noinit_noargs:_c_int00_noinit_noargs)
                  00000244    00000028     msp432p4xx_driverlib.lib : gpio.o (.text:GPIO_setOutputHighOnPin)
                  0000026c    00000028                              : gpio.o (.text:GPIO_setOutputLowOnPin)
                  00000294    00000024                              : wdt_a.o (.text:WDT_A_holdTimer)
                  000002b8    0000001a     Lab1_main.obj (.text:main)
                  000002d2    00000018     Lab1_main.obj (.text:initialize)
                  000002ea    0000000c     startup_msp432p401r_ccs.obj (.text:Reset_Handler)
                  000002f6    00000008     Lab1_main.obj (.text:SwitchStatus_LaunchpadLED1)
                  000002fe    00000008     Lab1_main.obj (.text:TurnOff_LaunchpadLED1)
                  00000306    00000008     Lab1_main.obj (.text:TurnOn_LaunchpadLED1)
                  0000030e    00000004     rtsv7M4_T_le_v4SPD16_eabi.lib : pre_init.c.obj (.text:_system_pre_init)
                  00000312    00000004                                   : exit.c.obj (.text:abort:abort)
                  00000316    00000002     startup_msp432p401r_ccs.obj (.text:Default_Handler)

.const     0    00000318    00000030     
                  00000318    00000030     msp432p4xx_driverlib.lib : gpio.o (.const:GPIO_PORT_TO_BASE)

.cinit     0    00000000    00000000     UNINITIALIZED

.init_array 
*          0    00000000    00000000     UNINITIALIZED

.binit     0    00000000    00000000     

.stack     0    2000fe00    00000200     UNINITIALIZED
                  2000fe00    00000004     rtsv7M4_T_le_v4SPD16_eabi.lib : boot_cortex_m.c.obj (.stack)
                  2000fe04    000001fc     --HOLE--

MODULE SUMMARY

       Module                        code   ro data   rw data
       ------                        ----   -------   -------
    .\
       system_msp432p401r.obj        104    0         0      
       Lab1_main.obj                 74     0         0      
    +--+-----------------------------+------+---------+---------+
       Total:                        178    0         0      
                                                             
    .\ccs\
       startup_msp432p401r_ccs.obj   14     228       0      
    +--+-----------------------------+------+---------+---------+
       Total:                        14     228       0      
                                                             
    C:/ti/simplelink_msp432p4_sdk_2_20_00_12/source/ti/devices/msp432p4xx/driverlib/ccs/msp432p4xx_driverlib.lib
       gpio.o                        280    48        0      
       wdt_a.o                       36     0         0      
    +--+-----------------------------+------+---------+---------+
       Total:                        316    48        0      
                                                             
    C:\ti\ccsv8\tools\compiler\ti-cgt-arm_18.1.2.LTS\lib\rtsv7M4_T_le_v4SPD16_eabi.lib
       boot_cortex_m.c.obj           48     0         0      
       exit.c.obj                    4      0         0      
       pre_init.c.obj                4      0         0      
    +--+-----------------------------+------+---------+---------+
       Total:                        56     0         0      
                                                             
       Stack:                        0      0         1024   
    +--+-----------------------------+------+---------+---------+
       Grand Total:                  564    276       1024   


GLOBAL SYMBOLS: SORTED ALPHABETICALLY BY Name 

address   name                                
-------   ----                                
00000317  ADC14_IRQHandler                    
00000317  AES256_IRQHandler                   
00000317  BusFault_Handler                    
00000313  C$$EXIT                             
00000317  COMP_E0_IRQHandler                  
00000317  COMP_E1_IRQHandler                  
00000317  CS_IRQHandler                       
00000317  DMA_ERR_IRQHandler                  
00000317  DMA_INT0_IRQHandler                 
00000317  DMA_INT1_IRQHandler                 
00000317  DMA_INT2_IRQHandler                 
00000317  DMA_INT3_IRQHandler                 
00000317  DebugMon_Handler                    
00000317  Default_Handler                     
00000317  EUSCIA0_IRQHandler                  
00000317  EUSCIA1_IRQHandler                  
00000317  EUSCIA2_IRQHandler                  
00000317  EUSCIA3_IRQHandler                  
00000317  EUSCIB0_IRQHandler                  
00000317  EUSCIB1_IRQHandler                  
00000317  EUSCIB2_IRQHandler                  
00000317  EUSCIB3_IRQHandler                  
00000317  FLCTL_IRQHandler                    
00000317  FPU_IRQHandler                      
000001e5  GPIO_getInputPinValue               
0000014d  GPIO_setAsInputPinWithPullUpResistor
000001a5  GPIO_setAsOutputPin                 
00000245  GPIO_setOutputHighOnPin             
0000026d  GPIO_setOutputLowOnPin              
00000317  HardFault_Handler                   
00000317  MemManage_Handler                   
00000317  NMI_Handler                         
00000317  PCM_IRQHandler                      
00000317  PORT1_IRQHandler                    
00000317  PORT2_IRQHandler                    
00000317  PORT3_IRQHandler                    
00000317  PORT4_IRQHandler                    
00000317  PORT5_IRQHandler                    
00000317  PORT6_IRQHandler                    
00000317  PSS_IRQHandler                      
00000317  PendSV_Handler                      
00000317  RTC_C_IRQHandler                    
000002eb  Reset_Handler                       
00000317  SVC_Handler                         
000002f7  SwitchStatus_LaunchpadLED1          
00000317  SysTick_Handler                     
000000e5  SystemInit                          
00000317  T32_INT1_IRQHandler                 
00000317  T32_INT2_IRQHandler                 
00000317  T32_INTC_IRQHandler                 
00000317  TA0_0_IRQHandler                    
00000317  TA0_N_IRQHandler                    
00000317  TA1_0_IRQHandler                    
00000317  TA1_N_IRQHandler                    
00000317  TA2_0_IRQHandler                    
00000317  TA2_N_IRQHandler                    
00000317  TA3_0_IRQHandler                    
00000317  TA3_N_IRQHandler                    
000002ff  TurnOff_LaunchpadLED1               
00000307  TurnOn_LaunchpadLED1                
00000317  UsageFault_Handler                  
4000480c  WDTCTL_SYM                          
00000317  WDT_A_IRQHandler                    
00000295  WDT_A_holdTimer                     
20010000  __STACK_END                         
00000200  __STACK_SIZE                        
ffffffff  __TI_pprof_out_hndl                 
ffffffff  __TI_prof_data_size                 
ffffffff  __TI_prof_data_start                
00000000  __TI_static_base__                  
ffffffff  __binit__                           
ffffffff  __c_args__                          
UNDEFED   __mpu_init                          
2000fe00  __stack                             
00000215  _c_int00_noinit_noargs              
0000030f  _system_pre_init                    
00000313  abort                               
ffffffff  binit                               
000002d3  initialize                          
00000000  interruptVectors                    
000002b9  main                                


GLOBAL SYMBOLS: SORTED BY Symbol Address 

address   name                                
-------   ----                                
00000000  __TI_static_base__                  
00000000  interruptVectors                    
000000e5  SystemInit                          
0000014d  GPIO_setAsInputPinWithPullUpResistor
000001a5  GPIO_setAsOutputPin                 
000001e5  GPIO_getInputPinValue               
00000200  __STACK_SIZE                        
00000215  _c_int00_noinit_noargs              
00000245  GPIO_setOutputHighOnPin             
0000026d  GPIO_setOutputLowOnPin              
00000295  WDT_A_holdTimer                     
000002b9  main                                
000002d3  initialize                          
000002eb  Reset_Handler                       
000002f7  SwitchStatus_LaunchpadLED1          
000002ff  TurnOff_LaunchpadLED1               
00000307  TurnOn_LaunchpadLED1                
0000030f  _system_pre_init                    
00000313  C$$EXIT                             
00000313  abort                               
00000317  ADC14_IRQHandler                    
00000317  AES256_IRQHandler                   
00000317  BusFault_Handler                    
00000317  COMP_E0_IRQHandler                  
00000317  COMP_E1_IRQHandler                  
00000317  CS_IRQHandler                       
00000317  DMA_ERR_IRQHandler                  
00000317  DMA_INT0_IRQHandler                 
00000317  DMA_INT1_IRQHandler                 
00000317  DMA_INT2_IRQHandler                 
00000317  DMA_INT3_IRQHandler                 
00000317  DebugMon_Handler                    
00000317  Default_Handler                     
00000317  EUSCIA0_IRQHandler                  
00000317  EUSCIA1_IRQHandler                  
00000317  EUSCIA2_IRQHandler                  
00000317  EUSCIA3_IRQHandler                  
00000317  EUSCIB0_IRQHandler                  
00000317  EUSCIB1_IRQHandler                  
00000317  EUSCIB2_IRQHandler                  
00000317  EUSCIB3_IRQHandler                  
00000317  FLCTL_IRQHandler                    
00000317  FPU_IRQHandler                      
00000317  HardFault_Handler                   
00000317  MemManage_Handler                   
00000317  NMI_Handler                         
00000317  PCM_IRQHandler                      
00000317  PORT1_IRQHandler                    
00000317  PORT2_IRQHandler                    
00000317  PORT3_IRQHandler                    
00000317  PORT4_IRQHandler                    
00000317  PORT5_IRQHandler                    
00000317  PORT6_IRQHandler                    
00000317  PSS_IRQHandler                      
00000317  PendSV_Handler                      
00000317  RTC_C_IRQHandler                    
00000317  SVC_Handler                         
00000317  SysTick_Handler                     
00000317  T32_INT1_IRQHandler                 
00000317  T32_INT2_IRQHandler                 
00000317  T32_INTC_IRQHandler                 
00000317  TA0_0_IRQHandler                    
00000317  TA0_N_IRQHandler                    
00000317  TA1_0_IRQHandler                    
00000317  TA1_N_IRQHandler                    
00000317  TA2_0_IRQHandler                    
00000317  TA2_N_IRQHandler                    
00000317  TA3_0_IRQHandler                    
00000317  TA3_N_IRQHandler                    
00000317  UsageFault_Handler                  
00000317  WDT_A_IRQHandler                    
2000fe00  __stack                             
20010000  __STACK_END                         
4000480c  WDTCTL_SYM                          
ffffffff  __TI_pprof_out_hndl                 
ffffffff  __TI_prof_data_size                 
ffffffff  __TI_prof_data_start                
ffffffff  __binit__                           
ffffffff  __c_args__                          
ffffffff  binit                               
UNDEFED   __mpu_init                          

[81 symbols]
